
> frontend@0.0.0 build
> vite build

[36mvite v4.5.14 [32mbuilding for production...[36m[39m
transforming...
[32mΓ£ô[39m 2171 modules transformed.
rendering chunks...
computing gzip size...
[2mdist/[22m[32mindex.html                 [39m[1m[2m  0.52 kB[22m[1m[22m[2m Γöé gzip:   0.33 kB[22m
[2mdist/[22m[35massets/index-b3a8be28.css  [39m[1m[2m  2.69 kB[22m[1m[22m[2m Γöé gzip:   1.04 kB[22m
[2mdist/[22m[36massets/index-f7540b66.js   [39m[1m[33m636.78 kB[39m[22m[2m Γöé gzip: 195.12 kB[22m
cmd : [33m
At line:1 char:1
+ cmd /c npm run build 
> build_output.log 2>&1
+ ~~~~~~~~~~~~~~~~~~~~~~
~~~~~~~~~~~~~~~~~~~~~~
    + CategoryInfo      
        : NotSpecified: 
(    [33m:String) [], 
Remo    teException
    + 
FullyQualifiedError    
Id : NativeCommandErr   
 or
 
(!) Some chunks are 
larger than 500 kBs 
after minification. 
Consider:
- Using dynamic 
import() to code-split 
the application
- Use build.rollupOption
s.output.manualChunks 
to improve chunking: htt
ps://rollupjs.org/config
uration-options/#output-
manualchunks
- Adjust chunk size 
limit for this warning 
via build.chunkSizeWarni
ngLimit.[39m
[32mΓ£ô built in 8.58s[39m
